// Jest Snapshot v1, https://goo.gl/fbAQLP

exports[`<SectionBackground /> should match to snapshot 1`] = `
.c1 {
  max-width: 120rem;
  margin: 0 auto;
  width: 100%;
  padding: 3.2rem;
}

.c0 {
  min-height: 100vh;
  display: -webkit-box;
  display: -webkit-flex;
  display: -ms-flexbox;
  display: flex;
  -webkit-align-items: center;
  -webkit-box-align: center;
  -ms-flex-align: center;
  align-items: center;
  background-color: #FFF;
  color: #0A1128;
}

@media (max-width:768px) {
  .c1 {
    padding-inline: 3.2rem;
  }
}

<div
  class="c0"
>
  <div
    class="c1"
  >
    <h1>
      Teste
    </h1>
  </div>
</div>
`;
