// Jest Snapshot v1, https://goo.gl/fbAQLP

exports[`<LayoutGridColum /> should match snapshot 1`] = `
.c5 {
  color: #FFF;
  text-transform: uppercase;
  margin-bottom: 3.2rem;
  font-size: 6.4rem;
}

.c6 {
  font-size: 1.6rem;
  color: #FFF;
}

.c6 p {
  margin: 2.4rem 0;
}

.c6 a {
  font-weight: bolder;
  color: #DC143C;
}

.c6 a:hover {
  -webkit-text-decoration: underline;
  text-decoration: underline;
}

.c6 h1,
.c6 h2,
.c6 h3,
.c6 h4,
.c6 h5,
.c6 h6 {
  margin: 1.6rem 0;
}

.c6 ol,
.c6 ul {
  margin: 1.6rem;
}

.c6 ol > li,
.c6 ul > li {
  margin: 1.6rem 0;
  font-style: italic;
}

.c2 {
  display: grid;
  grid-template-columns: 1fr 2fr;
  -webkit-align-items: center;
  -webkit-box-align: center;
  -ms-flex-align: center;
  align-items: center;
  gap: 4.8rem;
}

.c2 .c4 {
  margin-bottom: 1.6rem;
}

.c3 {
  min-width: 35rem;
}

.c7 {
  max-width: 74rem;
}

.c8 {
  max-width: 100%;
}

.c1 {
  max-width: 120rem;
  margin: 0 auto;
  width: 100%;
  padding: 3.2rem;
}

.c0 {
  min-height: 100vh;
  display: -webkit-box;
  display: -webkit-flex;
  display: -ms-flexbox;
  display: flex;
  -webkit-align-items: center;
  -webkit-box-align: center;
  -ms-flex-align: center;
  align-items: center;
  background-color: #FFF;
  color: #0A1128;
  background-color: #0A1128;
  color: #FFF;
}

@media (max-width:768px) {
  .c5 {
    font-size: 4rem;
  }
}

@media (max-width:768px) {
  .c2 {
    grid-template-columns: 1fr;
  }

  .c2 .c4 {
    margin-bottom: 4rem;
  }
}

@media (max-width:768px) {
  .c3 {
    min-width: auto;
    text-align: center;
    margin-bottom: 3.2rem;
  }
}

@media (max-width:768px) {
  .c1 {
    padding-inline: 3.2rem;
  }
}

<div
  class="c0"
>
  <div
    class="c1"
  >
    <div
      class="c2"
    >
      <div
        class="c3"
      >
        <h2
          class="c4 c5"
        >
          Grid Two columns
        </h2>
        <p
          class="c6"
        >
          Teste
        </p>
      </div>
      <div
        class="c7"
      >
        <img
          alt="Grid Two columns"
          class="c8"
          src="public/assets/images/javascript.svg"
        />
      </div>
    </div>
  </div>
</div>
`;
