// Jest Snapshot v1, https://goo.gl/fbAQLP

exports[`<LayoutGridDescriptions/> Should render with background set 1`] = `
.c4 {
  color: #FFF;
  text-transform: uppercase;
  margin-bottom: 3.2rem;
  font-size: 4.8rem;
}

.c8 {
  color: #FFF;
  text-transform: none;
  margin-bottom: 3.2rem;
  font-size: 2.4rem;
}

.c5 {
  font-size: 1.6rem;
  color: #FFF;
}

.c5 p {
  margin: 2.4rem 0;
}

.c5 a {
  font-weight: bolder;
  color: #DC143C;
}

.c5 a:hover {
  -webkit-text-decoration: underline;
  text-decoration: underline;
}

.c5 h1,
.c5 h2,
.c5 h3,
.c5 h4,
.c5 h5,
.c5 h6 {
  margin: 1.6rem 0;
}

.c5 ol,
.c5 ul {
  margin: 1.6rem;
}

.c5 ol > li,
.c5 ul > li {
  margin: 1.6rem 0;
  font-style: italic;
}

.c2 {
  margin-bottom: 4.8rem;
}

.c6 {
  counter-reset: grid-counter;
  display: grid;
  grid-template-columns: repeat(auto-fill,minmax(270px,1fr));
  gap: 3.2rem;
}

.c7 .c3 {
  position: relative;
  width: -webkit-fit-content;
  width: -moz-fit-content;
  width: fit-content;
  left: 5rem;
  margin: 2.4rem 0;
}

.c7 .c3::before {
  counter-increment: grid-counter;
  content: counter(grid-counter);
  position: absolute;
  font-size: 6.4rem;
  left: -5rem;
  top: -2.5rem;
  -webkit-transform: skew(-15deg);
  -ms-transform: skew(-15deg);
  transform: skew(-15deg);
}

.c1 {
  max-width: 120rem;
  margin: 0 auto;
  width: 100%;
  padding: 3.2rem;
}

.c0 {
  min-height: 100vh;
  display: -webkit-box;
  display: -webkit-flex;
  display: -ms-flexbox;
  display: flex;
  -webkit-align-items: center;
  -webkit-box-align: center;
  -ms-flex-align: center;
  align-items: center;
  background-color: #FFF;
  color: #0A1128;
  background-color: #0A1128;
  color: #FFF;
}

@media (max-width:768px) {
  .c4 {
    font-size: 4.8rem;
  }
}

@media (max-width:768px) {
  .c8 {
    font-size: 2.4rem;
  }
}

@media (max-width:768px) {
  .c2 {
    text-align: center;
  }
}

@media (max-width:768px) {
  .c6 {
    grid-template-columns: 1fr;
    text-align: center;
  }
}

@media (max-width:768px) {
  .c7 .c3 {
    left: 2rem;
    margin: 2.4rem auto;
  }
}

@media (max-width:768px) {
  .c1 {
    padding-inline: 3.2rem;
  }
}

<div
  class="c0"
  id="teste"
>
  <div
    class="c1"
  >
    <div
      class="c2"
    >
      <h2
        class="c3 c4"
      >
        My grid
      </h2>
      <p
        class="c5"
      >
        Atque doloribus nobis laudantium esse ut, non commodi maxime distinctio veritatis unde
      </p>
    </div>
    <div
      class="c6"
    >
      <div
        class="c7"
      >
        <h3
          class="c3 c8"
        >
          Teste 1
        </h3>
        <p
          class="c5"
        >
          Lorem ipsum dolor sit, amet consectetur adipisicing elit. Debitis cum delectus molestias. Atque doloribus nobis laudantium esse ut, non commodi maxime distinctio veritatis unde, reprehenderit minus ad dolores provident maiores.
        </p>
      </div>
      <div
        class="c7"
      >
        <h3
          class="c3 c8"
        >
          Teste 2
        </h3>
        <p
          class="c5"
        >
          Lorem ipsum dolor sit, amet consectetur adipisicing elit. Debitis cum delectus molestias. Atque doloribus nobis laudantium esse ut, non commodi maxime distinctio veritatis unde, reprehenderit minus ad dolores provident maiores.
        </p>
      </div>
      <div
        class="c7"
      >
        <h3
          class="c3 c8"
        >
          Teste 3
        </h3>
        <p
          class="c5"
        >
          Lorem ipsum dolor sit, amet consectetur adipisicing elit. Debitis cum delectus molestias. Atque doloribus nobis laudantium esse ut, non commodi maxime distinctio veritatis unde, reprehenderit minus ad dolores provident maiores.
        </p>
      </div>
    </div>
  </div>
</div>
`;
