// Jest Snapshot v1, https://goo.gl/fbAQLP

exports[`<LayoutFooter /> Should match snapshot 1`] = `
.c3 {
  font-size: 1.6rem;
  color: #0A1128;
}

.c3 p {
  margin: 2.4rem 0;
}

.c3 a {
  font-weight: bolder;
  color: #DC143C;
}

.c3 a:hover {
  -webkit-text-decoration: underline;
  text-decoration: underline;
}

.c3 h1,
.c3 h2,
.c3 h3,
.c3 h4,
.c3 h5,
.c3 h6 {
  margin: 1.6rem 0;
}

.c3 ol,
.c3 ul {
  margin: 1.6rem;
}

.c3 ol > li,
.c3 ul > li {
  margin: 1.6rem 0;
  font-style: italic;
}

.c0 {
  height: 8rem;
  text-align: center;
  background-color: #FFF;
  border-top: 1px solid #DDDDDD;
}

.c0 .c2 {
  font-size: 1.6rem;
}

.c0 a {
  pointer-events: all !important;
  -webkit-text-decoration: underline !important;
  text-decoration: underline !important;
}

.c1 {
  max-width: 120rem;
  margin: 0 auto;
  width: 100%;
  padding: 3.2rem;
}

@media (max-width:768px) {
  .c1 {
    padding: 1.6rem;
  }
}

<footer
  class="c0"
>
  <div
    class="c1"
  >
    <div
      class="c2 c3"
    >
      <a
        href="#"
      >
        Teste intenso aqui!
      </a>
    </div>
  </div>
</footer>
`;
