// Jest Snapshot v1, https://goo.gl/fbAQLP

exports[`<LayoutFooter /> Should match snapshot 1`] = `
.c4 {
  font-size: 1.6rem;
  color: #0A1128;
}

.c4 p {
  margin: 2.4rem 0;
}

.c4 a {
  font-weight: bolder;
  color: #DC143C;
}

.c4 a:hover {
  -webkit-text-decoration: underline;
  text-decoration: underline;
}

.c4 h1,
.c4 h2,
.c4 h3,
.c4 h4,
.c4 h5,
.c4 h6 {
  margin: 1.6rem 0;
}

.c4 ol,
.c4 ul {
  margin: 1.6rem;
}

.c4 ol > li,
.c4 ul > li {
  margin: 1.6rem 0;
  font-style: italic;
}

.c2 {
  max-width: 120rem;
  margin: 0 auto;
  width: 100%;
  padding: 3.2rem;
}

.c0 {
  height: 8rem;
  text-align: center;
  background-color: #FFF;
  border-top: 1px solid #DDDDDD;
}

.c0 .c3 {
  font-size: 1.6rem;
}

.c0 .c1 {
  padding-top: 0;
  padding-bottom: 0;
}

@media (max-width:768px) {
  .c2 {
    padding-inline: 1.6rem;
  }
}

<footer
  class="c0"
>
  <div
    class="c1 c2"
  >
    <div
      class="c3 c4"
    >
      <a
        href="#"
      >
        Teste intenso aqui!
      </a>
    </div>
  </div>
</footer>
`;
